// Jest Snapshot v1, https://goo.gl/fbAQLP

exports[`Home renders homepage unchanged 1`] = `
<div>
  <html
    lang="en"
  >
    <body
      class="variable variable"
    >
      <header
        class="header"
      >
        <div
          class="header_content"
        >
          <a
            class="brand_link"
            href="/"
          >
            <img
              alt="8by8 logo"
              class="brand_logo"
              data-nimg="1"
              decoding="async"
              height="40"
              loading="lazy"
              src="/_next/image?url=%2Fimg.jpg&w=96&q=75"
              srcset="/_next/image?url=%2Fimg.jpg&w=48&q=75 1x, /_next/image?url=%2Fimg.jpg&w=96&q=75 2x"
              style="color: transparent;"
              width="40"
            />
          </a>
          <div
            class="icons_tray"
          >
            <button
              aria-label="open feedback form"
              class="feedback_btn"
            >
              <img
                alt="feedback icon"
                class="feedback_btn_icon"
                data-nimg="1"
                decoding="async"
                height="40"
                loading="lazy"
                src="/_next/image?url=%2Fimg.jpg&w=96&q=75"
                srcset="/_next/image?url=%2Fimg.jpg&w=48&q=75 1x, /_next/image?url=%2Fimg.jpg&w=96&q=75 2x"
                style="color: transparent;"
                width="40"
              />
            </button>
            <button
              aria-label="open navigation menu"
              class="hamburger_btn"
            >
              <svg
                fill="currentColor"
                height="1em"
                stroke="currentColor"
                stroke-width="0"
                style="color: white;"
                viewBox="0 0 448 512"
                width="1em"
                xmlns="http://www.w3.org/2000/svg"
              >
                <path
                  d="M16 132h416c8.837 0 16-7.163 16-16V76c0-8.837-7.163-16-16-16H16C7.163 60 0 67.163 0 76v40c0 8.837 7.163 16 16 16zm0 160h416c8.837 0 16-7.163 16-16v-40c0-8.837-7.163-16-16-16H16c-8.837 0-16 7.163-16 16v40c0 8.837 7.163 16 16 16zm0 160h416c8.837 0 16-7.163 16-16v-40c0-8.837-7.163-16-16-16H16c-8.837 0-16 7.163-16 16v40c0 8.837 7.163 16 16 16z"
                />
              </svg>
            </button>
          </div>
        </div>
      </header>
      <div
        class="hidden"
      >
        <div
          class="hamburger_menu_inner_container"
        >
          <nav
            class="hamburger_menu_closing"
          >
            <ul
              class="hamburger_menu_items"
            >
              <li>
                <button
                  aria-label="close navigation menu"
                  class="close_hamburger_btn"
                >
                  <svg
                    fill="currentColor"
                    height="1em"
                    stroke="currentColor"
                    stroke-width="0"
                    style="color: white;"
                    viewBox="0 0 512 512"
                    width="1em"
                    xmlns="http://www.w3.org/2000/svg"
                  >
                    <path
                      d="M294.1 256L167 129c-9.4-9.4-9.4-24.6 0-33.9s24.6-9.3 34 0L345 239c9.1 9.1 9.3 23.7.7 33.1L201.1 417c-4.7 4.7-10.9 7-17 7s-12.3-2.3-17-7c-9.4-9.4-9.4-24.6 0-33.9l127-127.1z"
                    />
                  </svg>
                </button>
              </li>
              <h2
                class="standalone_greeting"
              >
                Hi there!
              </h2>
              <li>
                <a
                  class="take_the_challenge_btn"
                  href="/challengerwelcome"
                >
                  Take The Challenge
                </a>
              </li>
              <li>
                <a
                  class="link_lg_top"
                  href="/actions"
                >
                  Take Action
                </a>
              </li>
              <li>
                <a
                  class="link_lg"
                  href="/why8by8"
                >
                  Why 8by8
                </a>
              </li>
              <li>
                <a
                  class="link_lg"
                  href="/rewards"
                >
                  Rewards
                </a>
              </li>
              <li>
                <a
                  class="link_lg"
                  href="/faq"
                >
                  FAQS
                </a>
              </li>
              <li>
                <a
                  class="link_sm_top"
                  href="/privacy-policy"
                >
                  Privacy Policy
                </a>
              </li>
              <li>
                <a
                  class="link_sm"
                  href="/settings"
                >
                  Settings
                </a>
              </li>
              <li>
                <a
                  class="link_sm"
                  href="/signup"
                >
                  Sign up
                </a>
              </li>
            </ul>
          </nav>
        </div>
      </div>
      <dialog
        aria-label="Are you sure you want to sign out?"
        class="modal_dark_theme"
        role="dialog"
      >
        <div>
          <div
            class="close_btn_container"
          >
            <button
              aria-label="close dialog"
              class="close_btn"
            >
              <svg
                class="close_btn_icon"
                fill="currentColor"
                fill-rule="evenodd"
                height="1em"
                stroke="currentColor"
                stroke-width="0"
                style="color: white;"
                viewBox="0 0 1024 1024"
                width="1em"
                xmlns="http://www.w3.org/2000/svg"
              >
                <path
                  d="M799.855 166.312c.023.007.043.018.084.059l57.69 57.69c.041.041.052.06.059.084a.118.118 0 0 1 0 .069c-.007.023-.018.042-.059.083L569.926 512l287.703 287.703c.041.04.052.06.059.083a.118.118 0 0 1 0 .07c-.007.022-.018.042-.059.083l-57.69 57.69c-.041.041-.06.052-.084.059a.118.118 0 0 1-.069 0c-.023-.007-.042-.018-.083-.059L512 569.926 224.297 857.629c-.04.041-.06.052-.083.059a.118.118 0 0 1-.07 0c-.022-.007-.042-.018-.083-.059l-57.69-57.69c-.041-.041-.052-.06-.059-.084a.118.118 0 0 1 0-.069c.007-.023.018-.042.059-.083L454.073 512 166.371 224.297c-.041-.04-.052-.06-.059-.083a.118.118 0 0 1 0-.07c.007-.022.018-.042.059-.083l57.69-57.69c.041-.041.06-.052.084-.059a.118.118 0 0 1 .069 0c.023.007.042.018.083.059L512 454.073l287.703-287.702c.04-.041.06-.052.083-.059a.118.118 0 0 1 .07 0Z"
                />
              </svg>
            </button>
          </div>
          <div
            class="content"
          >
            <p
              class="b1"
            >
              Are you sure you want to sign out?
            </p>
            <button
              class="btn_top"
            >
              <span>
                Yes, but I'll be back
              </span>
            </button>
            <button
              class="btn_bottom"
            >
              <span>
                No, I think I'll stay
              </span>
            </button>
          </div>
        </div>
      </dialog>
      <div
        class="outer_container"
      >
        <div
          class="inner_container"
        >
          <section
            class="section_1"
          >
            <div
              class="content_container"
            >
              <img
                alt="8by8 Logo"
                class="logo"
                data-nimg="1"
                decoding="async"
                height="40"
                loading="lazy"
                src="/_next/image?url=%2Fimg.jpg&w=96&q=75"
                srcset="/_next/image?url=%2Fimg.jpg&w=48&q=75 1x, /_next/image?url=%2Fimg.jpg&w=96&q=75 2x"
                style="color: transparent;"
                width="40"
              />
              <h1
                class="color_white"
              >
                GET 
                <u
                  class="underline"
                >
                  8 AAPI FRIENDS
                </u>
                 TO REGISTER TO VOTE IN 
                <u
                  class="underline"
                >
                  8 DAYS
                </u>
              </h1>
              <button
                class="challenge_btn"
              >
                Take the Challenge
              </button>
              <a
                class="link"
                href="/why8by8"
              >
                See why others are doing it
              </a>
            </div>
          </section>
          <div
            class="curve_container"
          >
            <img
              alt="yellow curve"
              class="curve_1"
              data-nimg="1"
              decoding="async"
              height="40"
              id="why8by8"
              loading="lazy"
              src="/_next/image?url=%2Fimg.jpg&w=96&q=75"
              srcset="/_next/image?url=%2Fimg.jpg&w=48&q=75 1x, /_next/image?url=%2Fimg.jpg&w=96&q=75 2x"
              style="color: transparent;"
              width="40"
            />
          </div>
          <section
            class="section_2"
          >
            <img
              alt="why 8by8?"
              class="speech_bubble"
              data-nimg="1"
              decoding="async"
              height="40"
              loading="lazy"
              src="/_next/image?url=%2Fimg.jpg&w=96&q=75"
              srcset="/_next/image?url=%2Fimg.jpg&w=48&q=75 1x, /_next/image?url=%2Fimg.jpg&w=96&q=75 2x"
              style="color: transparent;"
              width="40"
            />
            <img
              alt="sign"
              class="sign"
              data-nimg="1"
              decoding="async"
              height="40"
              loading="lazy"
              src="/_next/image?url=%2Fimg.jpg&w=96&q=75"
              srcset="/_next/image?url=%2Fimg.jpg&w=48&q=75 1x, /_next/image?url=%2Fimg.jpg&w=96&q=75 2x"
              style="color: transparent;"
              width="40"
            />
          </section>
          <section
            class="section_3"
          >
            <p>
              In 2020, we saw an unprecedented
               
              <b>
                150% spike in anti-AAPI (Asian American Pacific Islander) hate crimes
              </b>
              , a trend that is already continuing into 2021. This is both a national and a local problem.
            </p>
          </section>
          <div
            class="curve_container"
          >
            <img
              alt="teal curve"
              class="curve"
              data-nimg="1"
              decoding="async"
              height="40"
              loading="lazy"
              src="/_next/image?url=%2Fimg.jpg&w=96&q=75"
              srcset="/_next/image?url=%2Fimg.jpg&w=48&q=75 1x, /_next/image?url=%2Fimg.jpg&w=96&q=75 2x"
              style="color: transparent;"
              width="40"
            />
          </div>
          <section
            class="section_4"
          >
            <h2
              class="h2"
            >
              <span
                class="bold_shadow_text"
              >
                150%
              </span>
               spike in anti-Asian and anti-AAPI hate crimes in 2020
            </h2>
          </section>
          <section
            class="section_5"
          >
            <img
              alt="solution?"
              class="speech_bubble"
              data-nimg="1"
              decoding="async"
              height="40"
              loading="lazy"
              src="/_next/image?url=%2Fimg.jpg&w=96&q=75"
              srcset="/_next/image?url=%2Fimg.jpg&w=48&q=75 1x, /_next/image?url=%2Fimg.jpg&w=96&q=75 2x"
              style="color: transparent;"
              width="40"
            />
            <h1
              class="section_heading"
            >
              We need
              <br />
               more aapi
              <br />
               voters
            </h1>
            <img
              alt="mic"
              class="mic"
              data-nimg="1"
              decoding="async"
              height="40"
              loading="lazy"
              src="/_next/image?url=%2Fimg.jpg&w=96&q=75"
              srcset="/_next/image?url=%2Fimg.jpg&w=48&q=75 1x, /_next/image?url=%2Fimg.jpg&w=96&q=75 2x"
              style="color: transparent;"
              width="40"
            />
          </section>
          <section
            class="section_6"
          >
            <h2
              class="section_heading"
            >
              the path to fixing this problem starts with
               
              <u
                class="underline"
              >
                closing the representation gap
              </u>
               In Asian-American communities.
            </h2>
            <h3
              class="stat_text"
            >
              Asian American voter turnout rate has remained Below
            </h3>
            <div
              class="stat_percentage_container_1"
            >
              <div
                class="bold_shadow"
              >
                60%
              </div>
            </div>
            <h3
              class="stat_text"
            >
              Asian-Americans make up
            </h3>
            <div
              class="stat_percentage_container_2"
            >
              <div
                class="bold_shadow"
              >
                7%
              </div>
            </div>
            <h3
              class="stat_text_bottom"
            >
              of the population 
            </h3>
            <h3
              class="stat_text"
            >
              but only
            </h3>
            <div
              class="stat_percentage_container_3"
            >
              <div
                class="bold_shadow"
              >
                3%
              </div>
            </div>
            <h3
              class="stat_text_bottom"
            >
              of Congress is Asian or AAPI
               
            </h3>
          </section>
          <div
            class="curve_container"
          >
            <img
              alt="black curve"
              class="curve"
              data-nimg="1"
              decoding="async"
              height="40"
              loading="lazy"
              src="/_next/image?url=%2Fimg.jpg&w=96&q=75"
              srcset="/_next/image?url=%2Fimg.jpg&w=48&q=75 1x, /_next/image?url=%2Fimg.jpg&w=96&q=75 2x"
              style="color: transparent;"
              width="40"
            />
          </div>
          <section
            class="section_7"
          >
            <img
              alt="we need your help!"
              class="speech_bubble"
              data-nimg="1"
              decoding="async"
              height="40"
              loading="lazy"
              src="/_next/image?url=%2Fimg.jpg&w=96&q=75"
              srcset="/_next/image?url=%2Fimg.jpg&w=48&q=75 1x, /_next/image?url=%2Fimg.jpg&w=96&q=75 2x"
              style="color: transparent;"
              width="40"
            />
            <h2
              class="section_heading"
            >
              we're asking everyone to join us in
               
              <u
                class="underline"
              >
                taking the #8by8challenge
              </u>
               and registering 8 of their friends to vote in 8 days.
            </h2>
            <button
              class="btn_gradient btn_wide btn_lg"
            >
              Take the Challenge
            </button>
            <div
              class="content_container"
            >
              <p
                class="b2 color_white"
              >
                The 8by8 mission aims to build civic participation and bring awareness to the struggles of AAPI citizens, while encouraging community involvement and investment. Our approach involves working with community, business, and tech leaders to create voter registration solutions that work.
              </p>
              <a
                class="link"
                href="https://www.8by8.us/"
                rel="noreferrer"
                target="_blank"
              >
                Learn more about 8by8
              </a>
            </div>
          </section>
        </div>
      </div>
      <div
        class="footer_container"
      >
        <footer
          class="footer"
        >
          <div
            class="icons"
          >
            <a
              aria-label="open 8by8 Facebook page"
              class="link"
              href="https://www.facebook.com/8by8vote/"
              rel="noopener noreferrer"
              target="_blank"
            >
              <svg
                fill="currentColor"
                height="1em"
                stroke="currentColor"
                stroke-width="0"
                viewBox="0 0 1024 1024"
                width="1em"
                xmlns="http://www.w3.org/2000/svg"
              >
                <path
                  d="M880 112H144c-17.7 0-32 14.3-32 32v736c0 17.7 14.3 32 32 32h736c17.7 0 32-14.3 32-32V144c0-17.7-14.3-32-32-32zm-92.4 233.5h-63.9c-50.1 0-59.8 23.8-59.8 58.8v77.1h119.6l-15.6 120.7h-104V912H539.2V602.2H434.9V481.4h104.3v-89c0-103.3 63.1-159.6 155.3-159.6 44.2 0 82.1 3.3 93.2 4.8v107.9z"
                />
              </svg>
            </a>
            <a
              aria-label="open 8by8 LinkedIn page"
              class="link"
              href="https://www.linkedin.com/company/8by8vote/"
              rel="noopener noreferrer"
              target="_blank"
            >
              <svg
                fill="currentColor"
                height="1em"
                stroke="currentColor"
                stroke-width="0"
                viewBox="0 0 1024 1024"
                width="1em"
                xmlns="http://www.w3.org/2000/svg"
              >
                <path
                  d="M880 112H144c-17.7 0-32 14.3-32 32v736c0 17.7 14.3 32 32 32h736c17.7 0 32-14.3 32-32V144c0-17.7-14.3-32-32-32zM349.3 793.7H230.6V411.9h118.7v381.8zm-59.3-434a68.8 68.8 0 1 1 68.8-68.8c-.1 38-30.9 68.8-68.8 68.8zm503.7 434H675.1V608c0-44.3-.8-101.2-61.7-101.2-61.7 0-71.2 48.2-71.2 98v188.9H423.7V411.9h113.8v52.2h1.6c15.8-30 54.5-61.7 112.3-61.7 120.2 0 142.3 79.1 142.3 181.9v209.4z"
                />
              </svg>
            </a>
            <a
              aria-label="open 8by8 Instagram page"
              class="link"
              href="https://www.instagram.com/8by8vote/"
              rel="noopener noreferrer"
              target="_blank"
            >
              <svg
                fill="currentColor"
                height="1em"
                stroke="currentColor"
                stroke-width="0"
                viewBox="0 0 1024 1024"
                width="1em"
                xmlns="http://www.w3.org/2000/svg"
              >
                <path
                  d="M512 306.9c-113.5 0-205.1 91.6-205.1 205.1S398.5 717.1 512 717.1 717.1 625.5 717.1 512 625.5 306.9 512 306.9zm0 338.4c-73.4 0-133.3-59.9-133.3-133.3S438.6 378.7 512 378.7 645.3 438.6 645.3 512 585.4 645.3 512 645.3zm213.5-394.6c-26.5 0-47.9 21.4-47.9 47.9s21.4 47.9 47.9 47.9 47.9-21.3 47.9-47.9a47.84 47.84 0 0 0-47.9-47.9zM911.8 512c0-55.2.5-109.9-2.6-165-3.1-64-17.7-120.8-64.5-167.6-46.9-46.9-103.6-61.4-167.6-64.5-55.2-3.1-109.9-2.6-165-2.6-55.2 0-109.9-.5-165 2.6-64 3.1-120.8 17.7-167.6 64.5C132.6 226.3 118.1 283 115 347c-3.1 55.2-2.6 109.9-2.6 165s-.5 109.9 2.6 165c3.1 64 17.7 120.8 64.5 167.6 46.9 46.9 103.6 61.4 167.6 64.5 55.2 3.1 109.9 2.6 165 2.6 55.2 0 109.9.5 165-2.6 64-3.1 120.8-17.7 167.6-64.5 46.9-46.9 61.4-103.6 64.5-167.6 3.2-55.1 2.6-109.8 2.6-165zm-88 235.8c-7.3 18.2-16.1 31.8-30.2 45.8-14.1 14.1-27.6 22.9-45.8 30.2C695.2 844.7 570.3 840 512 840c-58.3 0-183.3 4.7-235.9-16.1-18.2-7.3-31.8-16.1-45.8-30.2-14.1-14.1-22.9-27.6-30.2-45.8C179.3 695.2 184 570.3 184 512c0-58.3-4.7-183.3 16.1-235.9 7.3-18.2 16.1-31.8 30.2-45.8s27.6-22.9 45.8-30.2C328.7 179.3 453.7 184 512 184s183.3-4.7 235.9 16.1c18.2 7.3 31.8 16.1 45.8 30.2 14.1 14.1 22.9 27.6 30.2 45.8C844.7 328.7 840 453.7 840 512c0 58.3 4.7 183.2-16.2 235.8z"
                />
              </svg>
            </a>
          </div>
          <div
            class="description"
          >
            <p>
              Copyright © 2021
            </p>
            <p>
              8BY8 is a nonprofit organization dedicated to stopping hate against Asian American Pacific Islander communities through voter registration and turnout.
            </p>
          </div>
        </footer>
      </div>
    </body>
  </html>
</div>
`;
