// Jest Snapshot v1, https://goo.gl/fbAQLP

exports[`Not Found renders 404 page 1`] = `
<div>
  <div
    class="outer_container"
  >
    <div
      class="inner_container"
    >
      <section
        class="container"
      >
        <img
          alt="404, page not found"
          data-nimg="1"
          decoding="async"
          height="40"
          loading="lazy"
          src="/_next/image?url=%2Fimg.jpg&w=96&q=75"
          srcset="/_next/image?url=%2Fimg.jpg&w=48&q=75 1x, /_next/image?url=%2Fimg.jpg&w=96&q=75 2x"
          style="color: transparent;"
          width="40"
        />
        <h1>
          Not Found
        </h1>
      </section>
    </div>
  </div>
</div>
`;
