// Jest Snapshot v1, https://goo.gl/fbAQLP

exports[`Links--Challenger renders challenger links unchanged 1`] = `
<div>
  <li>
    <a
      class="link_lg_top"
      href="/progress"
    >
      My Challenge
    </a>
  </li>
  <li>
    <a
      class="link_lg"
      href="/why8by8"
    >
      Why 8by8
    </a>
  </li>
  <li>
    <a
      class="link_sm_top"
      href="/tos"
    >
      Terms of Service
    </a>
  </li>
  <li>
    <a
      class="link_sm"
      href="/privacy"
    >
      Privacy Policy
    </a>
  </li>
  <li>
    <button
      class="signout_btn"
    >
      Sign out
    </button>
  </li>
</div>
`;
